C:/Users/Rajesh/STM32Cube/Repository/STM32Cube_FW_WBA_V1.7.0/Drivers/STM32WBAxx_HAL_Driver/Inc/stm32wbaxx_ll_adc.h:1934:22:LL_ADC_SetCommonPathInternalCh	16	static
C:/Users/Rajesh/STM32Cube/Repository/STM32Cube_FW_WBA_V1.7.0/Drivers/STM32WBAxx_HAL_Driver/Inc/stm32wbaxx_ll_adc.h:2260:22:LL_ADC_SetLPModeAutoPowerOff	16	static
C:/Users/Rajesh/STM32Cube/Repository/STM32Cube_FW_WBA_V1.7.0/Drivers/STM32WBAxx_HAL_Driver/Inc/stm32wbaxx_ll_adc.h:2296:22:LL_ADC_SetLPModeAutonomousDPD	16	static
C:/Users/Rajesh/STM32Cube/Repository/STM32Cube_FW_WBA_V1.7.0/Drivers/STM32WBAxx_HAL_Driver/Inc/stm32wbaxx_ll_adc.h:2338:22:LL_ADC_SetTriggerFrequencyMode	16	static
C:/Users/Rajesh/STM32Cube/Repository/STM32Cube_FW_WBA_V1.7.0/Drivers/STM32WBAxx_HAL_Driver/Inc/stm32wbaxx_ll_adc.h:2400:22:LL_ADC_SetSamplingTimeCommonChannels	24	static
C:/Users/Rajesh/STM32Cube/Repository/STM32Cube_FW_WBA_V1.7.0/Drivers/STM32WBAxx_HAL_Driver/Inc/stm32wbaxx_ll_adc.h:2600:22:LL_ADC_REG_SetSequencerConfigurable	16	static
C:/Users/Rajesh/STM32Cube/Repository/STM32Cube_FW_WBA_V1.7.0/Drivers/STM32WBAxx_HAL_Driver/Inc/stm32wbaxx_ll_adc.h:2909:22:LL_ADC_REG_SetSequencerRanks	24	static
C:/Users/Rajesh/STM32Cube/Repository/STM32Cube_FW_WBA_V1.7.0/Drivers/STM32WBAxx_HAL_Driver/Inc/stm32wbaxx_ll_adc.h:3374:22:LL_ADC_REG_SetDMATransfer	16	static
C:/Users/Rajesh/STM32Cube/Repository/STM32Cube_FW_WBA_V1.7.0/Drivers/STM32WBAxx_HAL_Driver/Inc/stm32wbaxx_ll_adc.h:3407:26:LL_ADC_REG_GetDMATransfer	16	static
C:/Users/Rajesh/STM32Cube/Repository/STM32Cube_FW_WBA_V1.7.0/Drivers/STM32WBAxx_HAL_Driver/Inc/stm32wbaxx_ll_adc.h:3525:22:LL_ADC_SetChannelSamplingTime	24	static
C:/Users/Rajesh/STM32Cube/Repository/STM32Cube_FW_WBA_V1.7.0/Drivers/STM32WBAxx_HAL_Driver/Inc/stm32wbaxx_ll_adc.h:4142:22:LL_ADC_EnableInternalRegulator	16	static
C:/Users/Rajesh/STM32Cube/Repository/STM32Cube_FW_WBA_V1.7.0/Drivers/STM32WBAxx_HAL_Driver/Inc/stm32wbaxx_ll_adc.h:4161:22:LL_ADC_DisableInternalRegulator	16	static
C:/Users/Rajesh/STM32Cube/Repository/STM32Cube_FW_WBA_V1.7.0/Drivers/STM32WBAxx_HAL_Driver/Inc/stm32wbaxx_ll_adc.h:4172:26:LL_ADC_IsInternalRegulatorEnabled	16	static
C:/Users/Rajesh/STM32Cube/Repository/STM32Cube_FW_WBA_V1.7.0/Drivers/STM32WBAxx_HAL_Driver/Inc/stm32wbaxx_ll_adc.h:4193:22:LL_ADC_Enable	16	static
C:/Users/Rajesh/STM32Cube/Repository/STM32Cube_FW_WBA_V1.7.0/Drivers/STM32WBAxx_HAL_Driver/Inc/stm32wbaxx_ll_adc.h:4213:22:LL_ADC_Disable	16	static
C:/Users/Rajesh/STM32Cube/Repository/STM32Cube_FW_WBA_V1.7.0/Drivers/STM32WBAxx_HAL_Driver/Inc/stm32wbaxx_ll_adc.h:4232:26:LL_ADC_IsEnabled	16	static
C:/Users/Rajesh/STM32Cube/Repository/STM32Cube_FW_WBA_V1.7.0/Drivers/STM32WBAxx_HAL_Driver/Inc/stm32wbaxx_ll_adc.h:4243:26:LL_ADC_IsDisableOngoing	16	static
C:/Users/Rajesh/STM32Cube/Repository/STM32Cube_FW_WBA_V1.7.0/Drivers/STM32WBAxx_HAL_Driver/Inc/stm32wbaxx_ll_adc.h:4276:22:LL_ADC_StartCalibration	16	static
C:/Users/Rajesh/STM32Cube/Repository/STM32Cube_FW_WBA_V1.7.0/Drivers/STM32WBAxx_HAL_Driver/Inc/stm32wbaxx_ll_adc.h:4292:26:LL_ADC_IsCalibrationOnGoing	16	static
C:/Users/Rajesh/STM32Cube/Repository/STM32Cube_FW_WBA_V1.7.0/Drivers/STM32WBAxx_HAL_Driver/Inc/stm32wbaxx_ll_adc.h:4323:22:LL_ADC_REG_StartConversion	16	static
C:/Users/Rajesh/STM32Cube/Repository/STM32Cube_FW_WBA_V1.7.0/Drivers/STM32WBAxx_HAL_Driver/Inc/stm32wbaxx_ll_adc.h:4359:26:LL_ADC_REG_IsConversionOngoing	16	static
C:/Users/Rajesh/STM32Cube/Repository/STM32Cube_FW_WBA_V1.7.0/Drivers/STM32WBAxx_HAL_Driver/Inc/stm32wbaxx_ll_adc.h:4370:26:LL_ADC_REG_IsStopConversionOngoing	16	static
C:/Users/Rajesh/STM32Cube/Repository/STM32Cube_FW_WBA_V1.7.0/Drivers/STM32WBAxx_HAL_Driver/Inc/stm32wbaxx_ll_adc.h:4398:26:LL_ADC_REG_ReadConversionData12	16	static
C:/Users/Rajesh/STM32Cube/Repository/STM32Cube_FW_WBA_V1.7.0/Drivers/STM32WBAxx_HAL_Driver/Inc/stm32wbaxx_ll_adc.h:4413:26:LL_ADC_REG_ReadConversionData10	16	static
C:/Users/Rajesh/STM32Cube/Repository/STM32Cube_FW_WBA_V1.7.0/Drivers/STM32WBAxx_HAL_Driver/Inc/stm32wbaxx_ll_adc.h:4428:25:LL_ADC_REG_ReadConversionData8	16	static
C:/Users/Rajesh/STM32Cube/Repository/STM32Cube_FW_WBA_V1.7.0/Drivers/STM32WBAxx_HAL_Driver/Inc/stm32wbaxx_ll_adc.h:4443:25:LL_ADC_REG_ReadConversionData6	16	static
C:/Users/Rajesh/STM32Cube/Repository/STM32Cube_FW_WBA_V1.7.0/Drivers/STM32WBAxx_HAL_Driver/Inc/stm32wbaxx_ll_adc.h:4465:26:LL_ADC_IsActiveFlag_ADRDY	16	static
C:/Users/Rajesh/STM32Cube/Repository/STM32Cube_FW_WBA_V1.7.0/Drivers/STM32WBAxx_HAL_Driver/Inc/stm32wbaxx_ll_adc.h:4487:26:LL_ADC_IsActiveFlag_EOC	16	static
C:/Users/Rajesh/STM32Cube/Repository/STM32Cube_FW_WBA_V1.7.0/Drivers/STM32WBAxx_HAL_Driver/Inc/stm32wbaxx_ll_adc.h:4578:22:LL_ADC_ClearFlag_ADRDY	16	static
C:/Users/Rajesh/STM32Cube/Repository/STM32Cube_FW_WBA_V1.7.0/Drivers/STM32WBAxx_HAL_Driver/Inc/stm32wbaxx_ll_adc.h:4600:22:LL_ADC_ClearFlag_EOC	16	static
C:/Users/Rajesh/STM32Cube/Repository/STM32Cube_FW_WBA_V1.7.0/Drivers/STM32WBAxx_HAL_Driver/Inc/stm32wbaxx_ll_rcc.h:2054:22:LL_RCC_SetADCClockSource	16	static
C:/Users/Rajesh/STM32Cube/Repository/STM32Cube_FW_WBA_V1.7.0/Drivers/STM32WBAxx_HAL_Driver/Inc/stm32wbaxx_ll_bus.h:1045:22:LL_AHB4_GRP1_EnableClock	24	static
C:/Users/Rajesh/STM32Cube/Repository/STM32Cube_FW_WBA_V1.7.0/Drivers/STM32WBAxx_HAL_Driver/Inc/stm32wbaxx_ll_bus.h:1079:22:LL_AHB4_GRP1_DisableClock	16	static
D:/Companies/Migration/STMBLEEVK/STM32CubeWBA/Projects/Common/WPAN/Modules/adc_ctrl.c:153:29:ADCCTRL_Init	16	static
D:/Companies/Migration/STMBLEEVK/STM32CubeWBA/Projects/Common/WPAN/Modules/adc_ctrl.c:179:29:ADCCTRL_RegisterHandle	24	static
D:/Companies/Migration/STMBLEEVK/STM32CubeWBA/Projects/Common/WPAN/Modules/adc_ctrl.c:213:29:ADCCTRL_RequestIpState	32	static,ignoring_inline_asm
D:/Companies/Migration/STMBLEEVK/STM32CubeWBA/Projects/Common/WPAN/Modules/adc_ctrl.c:253:29:ADCCTRL_RequestRawValue	24	static
D:/Companies/Migration/STMBLEEVK/STM32CubeWBA/Projects/Common/WPAN/Modules/adc_ctrl.c:314:29:ADCCTRL_RequestTemperature	24	static
D:/Companies/Migration/STMBLEEVK/STM32CubeWBA/Projects/Common/WPAN/Modules/adc_ctrl.c:400:29:ADCCTRL_RequestCoreVoltage	24	static
D:/Companies/Migration/STMBLEEVK/STM32CubeWBA/Projects/Common/WPAN/Modules/adc_ctrl.c:472:29:ADCCTRL_RequestRefVoltage	24	static
D:/Companies/Migration/STMBLEEVK/STM32CubeWBA/Projects/Common/WPAN/Modules/adc_ctrl.c:544:6:AdcActivate	24	static,ignoring_inline_asm
D:/Companies/Migration/STMBLEEVK/STM32CubeWBA/Projects/Common/WPAN/Modules/adc_ctrl.c:628:6:AdcDeactivate	24	static,ignoring_inline_asm
D:/Companies/Migration/STMBLEEVK/STM32CubeWBA/Projects/Common/WPAN/Modules/adc_ctrl.c:661:22:AdcConfigure	56	static,ignoring_inline_asm
D:/Companies/Migration/STMBLEEVK/STM32CubeWBA/Projects/Common/WPAN/Modules/adc_ctrl.c:788:10:AdcReadRaw	24	static
D:/Companies/Migration/STMBLEEVK/STM32CubeWBA/Projects/Common/WPAN/Modules/adc_ctrl.c:842:6:ConversionStartPoll_ADC_GrpRegular	8	static
D:/Companies/Migration/STMBLEEVK/STM32CubeWBA/Projects/Common/WPAN/Modules/adc_ctrl.c:884:29:ADCCTRL_MutexTake	4	static
D:/Companies/Migration/STMBLEEVK/STM32CubeWBA/Projects/Common/WPAN/Modules/adc_ctrl.c:889:29:ADCCTRL_MutexRelease	4	static
