C:/Users/Rajesh/STM32Cube/Repository/STM32Cube_FW_WBA_V1.7.0/Drivers/CMSIS/Include/core_cm33.h:2378:26:__NVIC_GetPriorityGrouping	4	static
C:/Users/Rajesh/STM32Cube/Repository/STM32Cube_FW_WBA_V1.7.0/Drivers/CMSIS/Include/core_cm33.h:2390:22:__NVIC_EnableIRQ	16	static,ignoring_inline_asm
C:/Users/Rajesh/STM32Cube/Repository/STM32Cube_FW_WBA_V1.7.0/Drivers/CMSIS/Include/core_cm33.h:2587:22:__NVIC_SetPriority	16	static
C:/Users/Rajesh/STM32Cube/Repository/STM32Cube_FW_WBA_V1.7.0/Drivers/CMSIS/Include/core_cm33.h:2634:26:NVIC_EncodePriority	40	static
C:/Users/Rajesh/STM32Cube/Repository/STM32Cube_FW_WBA_V1.7.0/Drivers/STM32WBAxx_HAL_Driver/Inc/stm32wbaxx_ll_rcc.h:881:22:LL_RCC_HSE_Enable	4	static
C:/Users/Rajesh/STM32Cube/Repository/STM32Cube_FW_WBA_V1.7.0/Drivers/STM32WBAxx_HAL_Driver/Inc/stm32wbaxx_ll_rcc.h:901:26:LL_RCC_HSE_IsReady	4	static
C:/Users/Rajesh/STM32Cube/Repository/STM32Cube_FW_WBA_V1.7.0/Drivers/STM32WBAxx_HAL_Driver/Inc/stm32wbaxx_ll_rcc.h:912:22:LL_RCC_HSE_EnablePrescaler	4	static
C:/Users/Rajesh/STM32Cube/Repository/STM32Cube_FW_WBA_V1.7.0/Drivers/STM32WBAxx_HAL_Driver/Inc/stm32wbaxx_ll_rcc.h:923:26:LL_RCC_HSE_IsEnabledPrescaler	4	static
C:/Users/Rajesh/STM32Cube/Repository/STM32Cube_FW_WBA_V1.7.0/Drivers/STM32WBAxx_HAL_Driver/Inc/stm32wbaxx_ll_rcc.h:934:22:LL_RCC_HSE_DisablePrescaler	4	static
C:/Users/Rajesh/STM32Cube/Repository/STM32Cube_FW_WBA_V1.7.0/Drivers/STM32WBAxx_HAL_Driver/Inc/stm32wbaxx_ll_rcc.h:1014:22:LL_RCC_HSI_Enable	4	static
C:/Users/Rajesh/STM32Cube/Repository/STM32Cube_FW_WBA_V1.7.0/Drivers/STM32WBAxx_HAL_Driver/Inc/stm32wbaxx_ll_rcc.h:1034:26:LL_RCC_HSI_IsReady	4	static
C:/Users/Rajesh/STM32Cube/Repository/STM32Cube_FW_WBA_V1.7.0/Drivers/STM32WBAxx_HAL_Driver/Inc/stm32wbaxx_ll_rcc.h:1500:22:LL_RCC_SetSysClkSource	16	static
C:/Users/Rajesh/STM32Cube/Repository/STM32Cube_FW_WBA_V1.7.0/Drivers/STM32WBAxx_HAL_Driver/Inc/stm32wbaxx_ll_rcc.h:1513:26:LL_RCC_GetSysClkSource	4	static
C:/Users/Rajesh/STM32Cube/Repository/STM32Cube_FW_WBA_V1.7.0/Drivers/STM32WBAxx_HAL_Driver/Inc/stm32wbaxx_ll_rcc.h:1610:22:LL_RCC_SetAHB5Prescaler	16	static
C:/Users/Rajesh/STM32Cube/Repository/STM32Cube_FW_WBA_V1.7.0/Drivers/STM32WBAxx_HAL_Driver/Inc/stm32wbaxx_ll_rcc.h:1623:22:LL_RCC_SetAHB5Divider	16	static
C:/Users/Rajesh/STM32Cube/Repository/STM32Cube_FW_WBA_V1.7.0/Drivers/STM32WBAxx_HAL_Driver/Inc/stm32wbaxx_ll_rcc.h:1714:26:LL_RCC_GetAHB5Prescaler	4	static
C:/Users/Rajesh/STM32Cube/Repository/STM32Cube_FW_WBA_V1.7.0/Drivers/STM32WBAxx_HAL_Driver/Inc/stm32wbaxx_ll_rcc.h:2411:22:LL_RCC_PLL1_Disable	4	static
C:/Users/Rajesh/STM32Cube/Repository/STM32Cube_FW_WBA_V1.7.0/Drivers/STM32WBAxx_HAL_Driver/Inc/stm32wbaxx_ll_rcc.h:2559:22:LL_RCC_PLL1_SetMainSource	16	static
C:/Users/Rajesh/STM32Cube/Repository/STM32Cube_FW_WBA_V1.7.0/Drivers/STM32WBAxx_HAL_Driver/Inc/stm32wbaxx_ll_rcc.h:2592:26:LL_RCC_PLL1_GetN	4	static
C:/Users/Rajesh/STM32Cube/Repository/STM32Cube_FW_WBA_V1.7.0/Drivers/STM32WBAxx_HAL_Driver/Inc/stm32wbaxx_ll_rcc.h:2615:26:LL_RCC_PLL1_GetP	4	static
C:/Users/Rajesh/STM32Cube/Repository/STM32Cube_FW_WBA_V1.7.0/Drivers/STM32WBAxx_HAL_Driver/Inc/stm32wbaxx_ll_rcc.h:2638:26:LL_RCC_PLL1_GetQ	4	static
C:/Users/Rajesh/STM32Cube/Repository/STM32Cube_FW_WBA_V1.7.0/Drivers/STM32WBAxx_HAL_Driver/Inc/stm32wbaxx_ll_rcc.h:2660:26:LL_RCC_PLL1_GetR	4	static
C:/Users/Rajesh/STM32Cube/Repository/STM32Cube_FW_WBA_V1.7.0/Drivers/STM32WBAxx_HAL_Driver/Inc/stm32wbaxx_ll_rcc.h:2680:26:LL_RCC_PLL1_GetDivider	4	static
C:/Users/Rajesh/STM32Cube/Repository/STM32Cube_FW_WBA_V1.7.0/Drivers/STM32WBAxx_HAL_Driver/Inc/stm32wbaxx_ll_rcc.h:2754:22:LL_RCC_PLL1_EnableDomain_PLL1R	4	static
C:/Users/Rajesh/STM32Cube/Repository/STM32Cube_FW_WBA_V1.7.0/Drivers/STM32WBAxx_HAL_Driver/Inc/stm32wbaxx_ll_rcc.h:2788:22:LL_RCC_PLL1FRACN_Enable	4	static
C:/Users/Rajesh/STM32Cube/Repository/STM32Cube_FW_WBA_V1.7.0/Drivers/STM32WBAxx_HAL_Driver/Inc/stm32wbaxx_ll_rcc.h:2808:22:LL_RCC_PLL1FRACN_Disable	4	static
C:/Users/Rajesh/STM32Cube/Repository/STM32Cube_FW_WBA_V1.7.0/Drivers/STM32WBAxx_HAL_Driver/Inc/stm32wbaxx_ll_rcc.h:2818:22:LL_RCC_PLL1_SetFRACN	16	static
C:/Users/Rajesh/STM32Cube/Repository/STM32Cube_FW_WBA_V1.7.0/Drivers/STM32WBAxx_HAL_Driver/Inc/stm32wbaxx_ll_rcc.h:2828:26:LL_RCC_PLL1_GetFRACN	4	static
C:/Users/Rajesh/STM32Cube/Repository/STM32Cube_FW_WBA_V1.7.0/Drivers/STM32WBAxx_HAL_Driver/Inc/stm32wbaxx_ll_bus.h:1940:22:LL_APB2_GRP1_EnableClock	24	static
C:/Users/Rajesh/STM32Cube/Repository/STM32Cube_FW_WBA_V1.7.0/Drivers/STM32WBAxx_HAL_Driver/Inc/stm32wbaxx_ll_pwr.h:1080:22:LL_PWR_SetRegulVoltageScaling	16	static
C:/Users/Rajesh/STM32Cube/Repository/STM32Cube_FW_WBA_V1.7.0/Drivers/STM32WBAxx_HAL_Driver/Inc/stm32wbaxx_ll_pwr.h:2036:26:LL_PWR_IsActiveFlag_VOS	4	static
C:/Users/Rajesh/STM32Cube/Repository/STM32Cube_FW_WBA_V1.7.0/Drivers/STM32WBAxx_HAL_Driver/Inc/stm32wbaxx_ll_tim.h:1767:22:LL_TIM_EnableCounter	16	static
C:/Users/Rajesh/STM32Cube/Repository/STM32Cube_FW_WBA_V1.7.0/Drivers/STM32WBAxx_HAL_Driver/Inc/stm32wbaxx_ll_tim.h:1778:22:LL_TIM_DisableCounter	16	static
C:/Users/Rajesh/STM32Cube/Repository/STM32Cube_FW_WBA_V1.7.0/Drivers/STM32WBAxx_HAL_Driver/Inc/stm32wbaxx_ll_tim.h:1789:26:LL_TIM_IsEnabledCounter	16	static
C:/Users/Rajesh/STM32Cube/Repository/STM32Cube_FW_WBA_V1.7.0/Drivers/STM32WBAxx_HAL_Driver/Inc/stm32wbaxx_ll_tim.h:1800:22:LL_TIM_EnableUpdateEvent	16	static
C:/Users/Rajesh/STM32Cube/Repository/STM32Cube_FW_WBA_V1.7.0/Drivers/STM32WBAxx_HAL_Driver/Inc/stm32wbaxx_ll_tim.h:1811:22:LL_TIM_DisableUpdateEvent	16	static
C:/Users/Rajesh/STM32Cube/Repository/STM32Cube_FW_WBA_V1.7.0/Drivers/STM32WBAxx_HAL_Driver/Inc/stm32wbaxx_ll_tim.h:1870:22:LL_TIM_SetOnePulseMode	16	static
C:/Users/Rajesh/STM32Cube/Repository/STM32Cube_FW_WBA_V1.7.0/Drivers/STM32WBAxx_HAL_Driver/Inc/stm32wbaxx_ll_tim.h:1958:22:LL_TIM_DisableARRPreload	16	static
C:/Users/Rajesh/STM32Cube/Repository/STM32Cube_FW_WBA_V1.7.0/Drivers/STM32WBAxx_HAL_Driver/Inc/stm32wbaxx_ll_tim.h:2035:26:LL_TIM_GetCounter	16	static
C:/Users/Rajesh/STM32Cube/Repository/STM32Cube_FW_WBA_V1.7.0/Drivers/STM32WBAxx_HAL_Driver/Inc/stm32wbaxx_ll_tim.h:5005:22:LL_TIM_ClearFlag_UPDATE	16	static
C:/Users/Rajesh/STM32Cube/Repository/STM32Cube_FW_WBA_V1.7.0/Drivers/STM32WBAxx_HAL_Driver/Inc/stm32wbaxx_ll_tim.h:5016:26:LL_TIM_IsActiveFlag_UPDATE	16	static
C:/Users/Rajesh/STM32Cube/Repository/STM32Cube_FW_WBA_V1.7.0/Drivers/STM32WBAxx_HAL_Driver/Inc/stm32wbaxx_ll_tim.h:5477:22:LL_TIM_EnableIT_UPDATE	16	static
C:/Users/Rajesh/STM32Cube/Repository/STM32Cube_FW_WBA_V1.7.0/Drivers/STM32WBAxx_HAL_Driver/Inc/stm32wbaxx_ll_tim.h:5488:22:LL_TIM_DisableIT_UPDATE	16	static
D:/Companies/Migration/STMBLEEVK/STM32CubeWBA/Projects/Common/WPAN/Modules/scm.c:26:13:SCM_HSI_CLK_ON	8	static
D:/Companies/Migration/STMBLEEVK/STM32CubeWBA/Projects/Common/WPAN/Modules/scm.c:32:13:SCM_HSI_CLK_OFF	4	static
D:/Companies/Migration/STMBLEEVK/STM32CubeWBA/Projects/Common/WPAN/Modules/scm.c:38:13:SCM_HSI_SwithSystemClock_Entry	4	static
D:/Companies/Migration/STMBLEEVK/STM32CubeWBA/Projects/Common/WPAN/Modules/scm.c:43:13:SCM_HSI_SwithSystemClock_Exit	4	static
D:/Companies/Migration/STMBLEEVK/STM32CubeWBA/Projects/Common/WPAN/Modules/scm.c:94:36:scm_getmaxfreq	0	static
D:/Companies/Migration/STMBLEEVK/STM32CubeWBA/Projects/Common/WPAN/Modules/scm.c:110:23:scm_systemclockconfig	8	static
D:/Companies/Migration/STMBLEEVK/STM32CubeWBA/Projects/Common/WPAN/Modules/scm.c:192:23:SwitchHsePre	8	static
D:/Companies/Migration/STMBLEEVK/STM32CubeWBA/Projects/Common/WPAN/Modules/scm.c:243:23:SwitchHse16toHse32	8	static
D:/Companies/Migration/STMBLEEVK/STM32CubeWBA/Projects/Common/WPAN/Modules/scm.c:267:23:SwitchHse32toHse16	8	static
D:/Companies/Migration/STMBLEEVK/STM32CubeWBA/Projects/Common/WPAN/Modules/scm.c:289:23:SwitchPlltoHse32	8	static
D:/Companies/Migration/STMBLEEVK/STM32CubeWBA/Projects/Common/WPAN/Modules/scm.c:309:23:ConfigStartPll	8	static
D:/Companies/Migration/STMBLEEVK/STM32CubeWBA/Projects/Common/WPAN/Modules/scm.c:324:13:ConfigHwPll	24	static
D:/Companies/Migration/STMBLEEVK/STM32CubeWBA/Projects/Common/WPAN/Modules/scm.c:368:13:SCM_HSE_TimerInit	32	static
D:/Companies/Migration/STMBLEEVK/STM32CubeWBA/Projects/Common/WPAN/Modules/scm.c:397:16:scm_init	24	static
D:/Companies/Migration/STMBLEEVK/STM32CubeWBA/Projects/Common/WPAN/Modules/scm.c:498:16:scm_setup	8	static
D:/Companies/Migration/STMBLEEVK/STM32CubeWBA/Projects/Common/WPAN/Modules/scm.c:583:16:scm_pll_setconfig	12	static
D:/Companies/Migration/STMBLEEVK/STM32CubeWBA/Projects/Common/WPAN/Modules/scm.c:606:16:scm_pll_fractional_update	8	static
D:/Companies/Migration/STMBLEEVK/STM32CubeWBA/Projects/Common/WPAN/Modules/scm.c:632:16:scm_setsystemclock	16	static,ignoring_inline_asm
D:/Companies/Migration/STMBLEEVK/STM32CubeWBA/Projects/Common/WPAN/Modules/scm.c:726:13:scm_pllready	4	static
D:/Companies/Migration/STMBLEEVK/STM32CubeWBA/Projects/Common/WPAN/Modules/scm.c:741:16:scm_setwaitstates	8	static
D:/Companies/Migration/STMBLEEVK/STM32CubeWBA/Projects/Common/WPAN/Modules/scm.c:801:16:scm_hserdy_isr	8	static
D:/Companies/Migration/STMBLEEVK/STM32CubeWBA/Projects/Common/WPAN/Modules/scm.c:867:16:scm_pllrdy_isr	8	static
D:/Companies/Migration/STMBLEEVK/STM32CubeWBA/Projects/Common/WPAN/Modules/scm.c:905:16:scm_notifyradiostate	0	static
D:/Companies/Migration/STMBLEEVK/STM32CubeWBA/Projects/Common/WPAN/Modules/scm.c:924:16:scm_standbyexit	8	static
D:/Companies/Migration/STMBLEEVK/STM32CubeWBA/Projects/Common/WPAN/Modules/scm.c:941:19:isRadioActive	4	static
D:/Companies/Migration/STMBLEEVK/STM32CubeWBA/Projects/Common/WPAN/Modules/scm.c:946:19:SCM_HSE_Get_SW_HSERDY	0	static
D:/Companies/Migration/STMBLEEVK/STM32CubeWBA/Projects/Common/WPAN/Modules/scm.c:951:16:SCM_HSE_Set_SW_HSERDY	0	static,ignoring_inline_asm
D:/Companies/Migration/STMBLEEVK/STM32CubeWBA/Projects/Common/WPAN/Modules/scm.c:958:16:SCM_HSE_Clear_SW_HSERDY	0	static,ignoring_inline_asm
D:/Companies/Migration/STMBLEEVK/STM32CubeWBA/Projects/Common/WPAN/Modules/scm.c:965:16:SCM_HSE_WaitUntilReady	8	static
D:/Companies/Migration/STMBLEEVK/STM32CubeWBA/Projects/Common/WPAN/Modules/scm.c:1014:16:SCM_HSE_StartStabilizationTimer	8	static
D:/Companies/Migration/STMBLEEVK/STM32CubeWBA/Projects/Common/WPAN/Modules/scm.c:1031:16:SCM_HSE_StopStabilizationTimer	16	static,ignoring_inline_asm
D:/Companies/Migration/STMBLEEVK/STM32CubeWBA/Projects/Common/WPAN/Modules/scm.c:1045:16:SCM_HSE_SW_HSERDY_isr	8	static
