C:/Users/Rajesh/STM32Cube/Repository/STM32Cube_FW_WBA_V1.7.0/Drivers/STM32WBAxx_HAL_Driver/Inc/stm32wbaxx_ll_pwr.h:850:22:LL_PWR_SetICacheRAMStopRetention	16	static
C:/Users/Rajesh/STM32Cube/Repository/STM32Cube_FW_WBA_V1.7.0/Drivers/STM32WBAxx_HAL_Driver/Inc/stm32wbaxx_ll_icache.h:219:22:LL_ICACHE_Enable	4	static
C:/Users/Rajesh/STM32Cube/Repository/STM32Cube_FW_WBA_V1.7.0/Drivers/STM32WBAxx_HAL_Driver/Inc/stm32wbaxx_ll_icache.h:252:22:LL_ICACHE_SetMode	16	static
D:/Companies/Migration/STMBLEEVK/STMBLEPROJ/STM32CubeWBA/Projects/NUCLEO-WBA55CG/Applications/BLE/BLE_p2pServer/Core/Src/main.c:85:5:main	8	static
D:/Companies/Migration/STMBLEEVK/STMBLEPROJ/STM32CubeWBA/Projects/NUCLEO-WBA55CG/Applications/BLE/BLE_p2pServer/Core/Src/main.c:173:6:SystemClock_Config	104	static
D:/Companies/Migration/STMBLEEVK/STMBLEPROJ/STM32CubeWBA/Projects/NUCLEO-WBA55CG/Applications/BLE/BLE_p2pServer/Core/Src/main.c:241:6:PeriphCommonClock_Config	80	static
D:/Companies/Migration/STMBLEEVK/STMBLEPROJ/STM32CubeWBA/Projects/NUCLEO-WBA55CG/Applications/BLE/BLE_p2pServer/Core/Src/main.c:261:6:MX_ADC4_Init	24	static
D:/Companies/Migration/STMBLEEVK/STMBLEPROJ/STM32CubeWBA/Projects/NUCLEO-WBA55CG/Applications/BLE/BLE_p2pServer/Core/Src/main.c:320:6:MX_CRC_Init	8	static
D:/Companies/Migration/STMBLEEVK/STMBLEPROJ/STM32CubeWBA/Projects/NUCLEO-WBA55CG/Applications/BLE/BLE_p2pServer/Core/Src/main.c:353:6:MX_GPDMA1_Init	16	static
D:/Companies/Migration/STMBLEEVK/STMBLEPROJ/STM32CubeWBA/Projects/NUCLEO-WBA55CG/Applications/BLE/BLE_p2pServer/Core/Src/main.c:383:6:MX_ICACHE_Init	8	static
D:/Companies/Migration/STMBLEEVK/STMBLEPROJ/STM32CubeWBA/Projects/NUCLEO-WBA55CG/Applications/BLE/BLE_p2pServer/Core/Src/main.c:413:6:MX_RAMCFG_Init	8	static
D:/Companies/Migration/STMBLEEVK/STMBLEPROJ/STM32CubeWBA/Projects/NUCLEO-WBA55CG/Applications/BLE/BLE_p2pServer/Core/Src/main.c:442:6:MX_RTC_Init	88	static
D:/Companies/Migration/STMBLEEVK/STMBLEPROJ/STM32CubeWBA/Projects/NUCLEO-WBA55CG/Applications/BLE/BLE_p2pServer/Core/Src/main.c:512:6:MX_USART1_UART_Init	8	static
D:/Companies/Migration/STMBLEEVK/STMBLEPROJ/STM32CubeWBA/Projects/NUCLEO-WBA55CG/Applications/BLE/BLE_p2pServer/Core/Src/main.c:560:6:MX_GPIO_Init	24	static
D:/Companies/Migration/STMBLEEVK/STMBLEPROJ/STM32CubeWBA/Projects/NUCLEO-WBA55CG/Applications/BLE/BLE_p2pServer/Core/Src/main.c:583:6:Error_Handler	4	static,ignoring_inline_asm
D:/Companies/Migration/STMBLEEVK/STMBLEPROJ/STM32CubeWBA/Projects/NUCLEO-WBA55CG/Applications/BLE/BLE_p2pServer/Core/Src/main.c:601:6:assert_failed	16	static
