C:/Users/Rajesh/STM32Cube/Repository/STM32Cube_FW_WBA_V1.7.0/Drivers/STM32WBAxx_HAL_Driver/Inc/stm32wbaxx_ll_pwr.h:850:22:LL_PWR_SetICacheRAMStopRetention	16	static
C:/Users/Rajesh/STM32Cube/Repository/STM32Cube_FW_WBA_V1.7.0/Drivers/STM32WBAxx_HAL_Driver/Inc/stm32wbaxx_ll_icache.h:219:22:LL_ICACHE_Enable	4	static
C:/Users/Rajesh/STM32Cube/Repository/STM32Cube_FW_WBA_V1.7.0/Drivers/STM32WBAxx_HAL_Driver/Inc/stm32wbaxx_ll_icache.h:252:22:LL_ICACHE_SetMode	16	static
D:/Companies/Migration/STMBLEEVK/STM32CubeWBA/Projects/NUCLEO-WBA55CG/Applications/BLE/BLE_p2pServer/Core/Src/main.c:76:5:main	8	static
D:/Companies/Migration/STMBLEEVK/STM32CubeWBA/Projects/NUCLEO-WBA55CG/Applications/BLE/BLE_p2pServer/Core/Src/main.c:134:6:SystemClock_Config	104	static
D:/Companies/Migration/STMBLEEVK/STM32CubeWBA/Projects/NUCLEO-WBA55CG/Applications/BLE/BLE_p2pServer/Core/Src/main.c:202:6:PeriphCommonClock_Config	80	static
D:/Companies/Migration/STMBLEEVK/STM32CubeWBA/Projects/NUCLEO-WBA55CG/Applications/BLE/BLE_p2pServer/Core/Src/main.c:222:6:MX_ADC4_Init	24	static
D:/Companies/Migration/STMBLEEVK/STM32CubeWBA/Projects/NUCLEO-WBA55CG/Applications/BLE/BLE_p2pServer/Core/Src/main.c:281:6:MX_CRC_Init	8	static
D:/Companies/Migration/STMBLEEVK/STM32CubeWBA/Projects/NUCLEO-WBA55CG/Applications/BLE/BLE_p2pServer/Core/Src/main.c:314:6:MX_GPDMA1_Init	16	static
D:/Companies/Migration/STMBLEEVK/STM32CubeWBA/Projects/NUCLEO-WBA55CG/Applications/BLE/BLE_p2pServer/Core/Src/main.c:344:6:MX_ICACHE_Init	8	static
D:/Companies/Migration/STMBLEEVK/STM32CubeWBA/Projects/NUCLEO-WBA55CG/Applications/BLE/BLE_p2pServer/Core/Src/main.c:374:6:MX_RAMCFG_Init	8	static
D:/Companies/Migration/STMBLEEVK/STM32CubeWBA/Projects/NUCLEO-WBA55CG/Applications/BLE/BLE_p2pServer/Core/Src/main.c:403:6:MX_RTC_Init	88	static
D:/Companies/Migration/STMBLEEVK/STM32CubeWBA/Projects/NUCLEO-WBA55CG/Applications/BLE/BLE_p2pServer/Core/Src/main.c:473:6:MX_USART1_UART_Init	8	static
D:/Companies/Migration/STMBLEEVK/STM32CubeWBA/Projects/NUCLEO-WBA55CG/Applications/BLE/BLE_p2pServer/Core/Src/main.c:521:6:MX_GPIO_Init	24	static
D:/Companies/Migration/STMBLEEVK/STM32CubeWBA/Projects/NUCLEO-WBA55CG/Applications/BLE/BLE_p2pServer/Core/Src/main.c:544:6:Error_Handler	4	static,ignoring_inline_asm
D:/Companies/Migration/STMBLEEVK/STM32CubeWBA/Projects/NUCLEO-WBA55CG/Applications/BLE/BLE_p2pServer/Core/Src/main.c:562:6:assert_failed	16	static
