C:/Users/Rajesh/STM32Cube/Repository/STM32Cube_FW_WBA_V1.7.0/Drivers/STM32WBAxx_HAL_Driver/Inc/stm32wbaxx_ll_rcc.h:1826:26:LL_RCC_RADIO_GetSleepTimerClockSource	4	static
C:/Users/Rajesh/STM32Cube/Repository/STM32Cube_FW_WBA_V1.7.0/Drivers/STM32WBAxx_HAL_Driver/Inc/stm32wbaxx_ll_system.h:956:26:LL_DBGMCU_GetRevisionID	4	static
D:/Companies/Migration/STMBLEEVK/STM32CubeWBA/Projects/NUCLEO-WBA55CG/Applications/BLE/BLE_p2pServer/STM32_WPAN/Target/ll_sys_if.c:89:6:ll_sys_bg_process_init	8	static
D:/Companies/Migration/STMBLEEVK/STM32CubeWBA/Projects/NUCLEO-WBA55CG/Applications/BLE/BLE_p2pServer/STM32_WPAN/Target/ll_sys_if.c:100:6:ll_sys_schedule_bg_process	8	static
D:/Companies/Migration/STMBLEEVK/STM32CubeWBA/Projects/NUCLEO-WBA55CG/Applications/BLE/BLE_p2pServer/STM32_WPAN/Target/ll_sys_if.c:110:6:ll_sys_schedule_bg_process_isr	8	static
D:/Companies/Migration/STMBLEEVK/STM32CubeWBA/Projects/NUCLEO-WBA55CG/Applications/BLE/BLE_p2pServer/STM32_WPAN/Target/ll_sys_if.c:120:6:ll_sys_config_params	8	static
D:/Companies/Migration/STMBLEEVK/STM32CubeWBA/Projects/NUCLEO-WBA55CG/Applications/BLE/BLE_p2pServer/STM32_WPAN/Target/ll_sys_if.c:160:6:ll_sys_bg_temperature_measurement_init	8	static
D:/Companies/Migration/STMBLEEVK/STM32CubeWBA/Projects/NUCLEO-WBA55CG/Applications/BLE/BLE_p2pServer/STM32_WPAN/Target/ll_sys_if.c:171:6:ll_sys_bg_temperature_measurement	8	static
D:/Companies/Migration/STMBLEEVK/STM32CubeWBA/Projects/NUCLEO-WBA55CG/Applications/BLE/BLE_p2pServer/STM32_WPAN/Target/ll_sys_if.c:188:9:ll_sys_BLE_sleep_clock_accuracy_selection	24	static
D:/Companies/Migration/STMBLEEVK/STM32CubeWBA/Projects/NUCLEO-WBA55CG/Applications/BLE/BLE_p2pServer/STM32_WPAN/Target/ll_sys_if.c:235:6:ll_sys_sleep_clock_source_selection	16	static
D:/Companies/Migration/STMBLEEVK/STM32CubeWBA/Projects/NUCLEO-WBA55CG/Applications/BLE/BLE_p2pServer/STM32_WPAN/Target/ll_sys_if.c:263:6:ll_sys_reset	16	static
