C:/Users/Rajesh/STM32Cube/Repository/STM32Cube_FW_WBA_V1.7.0/Drivers/STM32WBAxx_HAL_Driver/Inc/stm32wbaxx_ll_adc.h:1869:22:LL_ADC_SetCommonClock	16	static
C:/Users/Rajesh/STM32Cube/Repository/STM32Cube_FW_WBA_V1.7.0/Drivers/STM32WBAxx_HAL_Driver/Inc/stm32wbaxx_ll_adc.h:2626:26:LL_ADC_REG_GetSequencerConfigurable	16	static
C:/Users/Rajesh/STM32Cube/Repository/STM32Cube_FW_WBA_V1.7.0/Drivers/STM32WBAxx_HAL_Driver/Inc/stm32wbaxx_ll_adc.h:2690:22:LL_ADC_REG_SetSequencerLength	16	static
C:/Users/Rajesh/STM32Cube/Repository/STM32Cube_FW_WBA_V1.7.0/Drivers/STM32WBAxx_HAL_Driver/Inc/stm32wbaxx_ll_adc.h:4213:22:LL_ADC_Disable	16	static
C:/Users/Rajesh/STM32Cube/Repository/STM32Cube_FW_WBA_V1.7.0/Drivers/STM32WBAxx_HAL_Driver/Inc/stm32wbaxx_ll_adc.h:4232:26:LL_ADC_IsEnabled	16	static
C:/Users/Rajesh/STM32Cube/Repository/STM32Cube_FW_WBA_V1.7.0/Drivers/STM32WBAxx_HAL_Driver/Inc/stm32wbaxx_ll_adc.h:4243:26:LL_ADC_IsDisableOngoing	16	static
C:/Users/Rajesh/STM32Cube/Repository/STM32Cube_FW_WBA_V1.7.0/Drivers/STM32WBAxx_HAL_Driver/Inc/stm32wbaxx_ll_adc.h:4343:22:LL_ADC_REG_StopConversion	16	static
C:/Users/Rajesh/STM32Cube/Repository/STM32Cube_FW_WBA_V1.7.0/Drivers/STM32WBAxx_HAL_Driver/Inc/stm32wbaxx_ll_adc.h:4370:26:LL_ADC_REG_IsStopConversionOngoing	16	static
D:/Companies/Migration/STMBLEEVK/STM32CubeWBA/Drivers/STM32WBAxx_HAL_Driver/Src/stm32wbaxx_ll_adc.c:196:13:LL_ADC_CommonDeInit	16	static
D:/Companies/Migration/STMBLEEVK/STM32CubeWBA/Drivers/STM32WBAxx_HAL_Driver/Src/stm32wbaxx_ll_adc.c:228:13:LL_ADC_CommonInit	24	static
D:/Companies/Migration/STMBLEEVK/STM32CubeWBA/Drivers/STM32WBAxx_HAL_Driver/Src/stm32wbaxx_ll_adc.c:265:6:LL_ADC_CommonStructInit	16	static
D:/Companies/Migration/STMBLEEVK/STM32CubeWBA/Drivers/STM32WBAxx_HAL_Driver/Src/stm32wbaxx_ll_adc.c:289:13:LL_ADC_DeInit	24	static
D:/Companies/Migration/STMBLEEVK/STM32CubeWBA/Drivers/STM32WBAxx_HAL_Driver/Src/stm32wbaxx_ll_adc.c:466:13:LL_ADC_Init	24	static
D:/Companies/Migration/STMBLEEVK/STM32CubeWBA/Drivers/STM32WBAxx_HAL_Driver/Src/stm32wbaxx_ll_adc.c:508:6:LL_ADC_StructInit	16	static
D:/Companies/Migration/STMBLEEVK/STM32CubeWBA/Drivers/STM32WBAxx_HAL_Driver/Src/stm32wbaxx_ll_adc.c:557:13:LL_ADC_REG_Init	24	static
D:/Companies/Migration/STMBLEEVK/STM32CubeWBA/Drivers/STM32WBAxx_HAL_Driver/Src/stm32wbaxx_ll_adc.c:665:6:LL_ADC_REG_StructInit	16	static
