C:/Users/Rajesh/STM32Cube/Repository/STM32Cube_FW_WBA_V1.7.0/Drivers/CMSIS/Include/core_cm33.h:2390:22:__NVIC_EnableIRQ	16	static,ignoring_inline_asm
C:/Users/Rajesh/STM32Cube/Repository/STM32Cube_FW_WBA_V1.7.0/Drivers/CMSIS/Include/core_cm33.h:2587:22:__NVIC_SetPriority	16	static
C:/Users/Rajesh/STM32Cube/Repository/STM32Cube_FW_WBA_V1.7.0/Drivers/CMSIS/Include/core_cm33.h:2609:26:__NVIC_GetPriority	16	static
C:/Users/Rajesh/STM32Cube/Repository/STM32Cube_FW_WBA_V1.7.0/Drivers/STM32WBAxx_HAL_Driver/Inc/stm32wbaxx_ll_pwr.h:499:22:LL_PWR_SetPowerMode	16	static
C:/Users/Rajesh/STM32Cube/Repository/STM32Cube_FW_WBA_V1.7.0/Drivers/STM32WBAxx_HAL_Driver/Inc/stm32wbaxx_ll_pwr.h:697:22:LL_PWR_EnableUltraLowPowerMode	4	static
C:/Users/Rajesh/STM32Cube/Repository/STM32Cube_FW_WBA_V1.7.0/Drivers/STM32WBAxx_HAL_Driver/Inc/stm32wbaxx_ll_pwr.h:1617:22:LL_PWR_EnableBkUpAccess	4	static
C:/Users/Rajesh/STM32Cube/Repository/STM32Cube_FW_WBA_V1.7.0/Drivers/STM32WBAxx_HAL_Driver/Inc/stm32wbaxx_ll_pwr.h:2070:26:LL_PWR_IsActiveFlag_SB	4	static
C:/Users/Rajesh/STM32Cube/Repository/STM32Cube_FW_WBA_V1.7.0/Drivers/STM32WBAxx_HAL_Driver/Inc/stm32wbaxx_ll_pwr.h:2080:26:LL_PWR_IsActiveFlag_STOP	4	static
C:/Users/Rajesh/STM32Cube/Repository/STM32Cube_FW_WBA_V1.7.0/Drivers/STM32WBAxx_HAL_Driver/Inc/stm32wbaxx_ll_pwr.h:2125:26:LL_PWR_IsActiveFlag_ACTVOS	4	static
C:/Users/Rajesh/STM32Cube/Repository/STM32Cube_FW_WBA_V1.7.0/Drivers/STM32WBAxx_HAL_Driver/Inc/stm32wbaxx_ll_cortex.h:317:22:LL_LPM_EnableSleep	4	static
C:/Users/Rajesh/STM32Cube/Repository/STM32Cube_FW_WBA_V1.7.0/Drivers/STM32WBAxx_HAL_Driver/Inc/stm32wbaxx_ll_cortex.h:328:22:LL_LPM_EnableDeepSleep	4	static
C:/Users/Rajesh/STM32Cube/Repository/STM32Cube_FW_WBA_V1.7.0/Drivers/STM32WBAxx_HAL_Driver/Inc/stm32wbaxx_ll_gpio.h:783:26:LL_GPIO_ReadInputPort	16	static
C:/Users/Rajesh/STM32Cube/Repository/STM32Cube_FW_WBA_V1.7.0/Drivers/STM32WBAxx_HAL_Driver/Inc/stm32wbaxx_ll_gpio.h:824:22:LL_GPIO_WriteOutputPort	16	static
C:/Users/Rajesh/STM32Cube/Repository/STM32Cube_FW_WBA_V1.7.0/Drivers/STM32WBAxx_HAL_Driver/Inc/stm32wbaxx_ll_icache.h:219:22:LL_ICACHE_Enable	4	static
C:/Users/Rajesh/STM32Cube/Repository/STM32Cube_FW_WBA_V1.7.0/Drivers/STM32WBAxx_HAL_Driver/Inc/stm32wbaxx_ll_icache.h:229:22:LL_ICACHE_Disable	4	static
C:/Users/Rajesh/STM32Cube/Repository/STM32Cube_FW_WBA_V1.7.0/Drivers/STM32WBAxx_HAL_Driver/Inc/stm32wbaxx_ll_icache.h:239:26:LL_ICACHE_IsEnabled	4	static
D:/Companies/Migration/STMBLEEVK/STMBLEPROJ/STM32CubeWBA/Projects/NUCLEO-WBA55CG/Applications/BLE/BLE_p2pServer/System/Interfaces/stm32_lpm_if.c:149:23:Standby_Restore_GPIO	40	static,ignoring_inline_asm
D:/Companies/Migration/STMBLEEVK/STMBLEPROJ/STM32CubeWBA/Projects/NUCLEO-WBA55CG/Applications/BLE/BLE_p2pServer/System/Interfaces/stm32_lpm_if.c:246:23:Enter_Stop_Standby_Mode	8	static
D:/Companies/Migration/STMBLEEVK/STMBLEPROJ/STM32CubeWBA/Projects/NUCLEO-WBA55CG/Applications/BLE/BLE_p2pServer/System/Interfaces/stm32_lpm_if.c:273:23:Exit_Stop_Standby_Mode	8	static
D:/Companies/Migration/STMBLEEVK/STMBLEPROJ/STM32CubeWBA/Projects/NUCLEO-WBA55CG/Applications/BLE/BLE_p2pServer/System/Interfaces/stm32_lpm_if.c:310:16:PWR_EnterOffMode	24	static,ignoring_inline_asm
D:/Companies/Migration/STMBLEEVK/STMBLEPROJ/STM32CubeWBA/Projects/NUCLEO-WBA55CG/Applications/BLE/BLE_p2pServer/System/Interfaces/stm32_lpm_if.c:400:16:PWR_ExitOffMode	24	static
D:/Companies/Migration/STMBLEEVK/STMBLEPROJ/STM32CubeWBA/Projects/NUCLEO-WBA55CG/Applications/BLE/BLE_p2pServer/System/Interfaces/stm32_lpm_if.c:567:16:PWR_EnterStopMode	8	static,ignoring_inline_asm
D:/Companies/Migration/STMBLEEVK/STMBLEPROJ/STM32CubeWBA/Projects/NUCLEO-WBA55CG/Applications/BLE/BLE_p2pServer/System/Interfaces/stm32_lpm_if.c:600:16:PWR_ExitStopMode	8	static
D:/Companies/Migration/STMBLEEVK/STMBLEPROJ/STM32CubeWBA/Projects/NUCLEO-WBA55CG/Applications/BLE/BLE_p2pServer/System/Interfaces/stm32_lpm_if.c:623:6:PWR_EnterSleepMode	8	static,ignoring_inline_asm
D:/Companies/Migration/STMBLEEVK/STMBLEPROJ/STM32CubeWBA/Projects/NUCLEO-WBA55CG/Applications/BLE/BLE_p2pServer/System/Interfaces/stm32_lpm_if.c:645:6:PWR_ExitSleepMode	8	static
D:/Companies/Migration/STMBLEEVK/STMBLEPROJ/STM32CubeWBA/Projects/NUCLEO-WBA55CG/Applications/BLE/BLE_p2pServer/System/Interfaces/stm32_lpm_if.c:661:6:PWR_EnableSleepMode	24	static,ignoring_inline_asm
D:/Companies/Migration/STMBLEEVK/STMBLEPROJ/STM32CubeWBA/Projects/NUCLEO-WBA55CG/Applications/BLE/BLE_p2pServer/System/Interfaces/stm32_lpm_if.c:671:6:PWR_DisableSleepMode	24	static,ignoring_inline_asm
D:/Companies/Migration/STMBLEEVK/STMBLEPROJ/STM32CubeWBA/Projects/NUCLEO-WBA55CG/Applications/BLE/BLE_p2pServer/System/Interfaces/stm32_lpm_if.c:678:10:is_boot_from_standby	16	static,ignoring_inline_asm
