D:/Companies/Migration/STMBLEEVK/STMBLEPROJ/STM32CubeWBA/Projects/Common/WPAN/Modules/Flash/flash_manager.c:131:17:FM_Write	32	static
D:/Companies/Migration/STMBLEEVK/STMBLEPROJ/STM32CubeWBA/Projects/Common/WPAN/Modules/Flash/flash_manager.c:182:17:FM_Erase	32	static
D:/Companies/Migration/STMBLEEVK/STMBLEPROJ/STM32CubeWBA/Projects/Common/WPAN/Modules/Flash/flash_manager.c:229:6:FM_BackgroundProcess	32	static,ignoring_inline_asm
D:/Companies/Migration/STMBLEEVK/STMBLEPROJ/STM32CubeWBA/Projects/Common/WPAN/Modules/Flash/flash_manager.c:429:24:FM_CheckFlashManagerState	56	static,ignoring_inline_asm
D:/Companies/Migration/STMBLEEVK/STMBLEPROJ/STM32CubeWBA/Projects/Common/WPAN/Modules/Flash/flash_manager.c:504:13:FM_WindowAllowed_Callback	8	static
