C:/Users/Rajesh/STM32Cube/Repository/STM32Cube_FW_WBA_V1.7.0/Drivers/STM32WBAxx_HAL_Driver/Inc/stm32wbaxx_ll_rtc.h:1774:26:LL_RTC_TIME_GetSubSecond	16	static
D:/Companies/Migration/STMBLEEVK/STM32CubeWBA/Projects/Common/WPAN/Interfaces/timer_if.c:149:21:TIMER_IF_Init	16	static
D:/Companies/Migration/STMBLEEVK/STM32CubeWBA/Projects/Common/WPAN/Interfaces/timer_if.c:175:21:TIMER_IF_StartTimer	72	static
D:/Companies/Migration/STMBLEEVK/STM32CubeWBA/Projects/Common/WPAN/Interfaces/timer_if.c:203:21:TIMER_IF_StopTimer	16	static
D:/Companies/Migration/STMBLEEVK/STM32CubeWBA/Projects/Common/WPAN/Interfaces/timer_if.c:216:10:TIMER_IF_SetTimerContext	8	static
D:/Companies/Migration/STMBLEEVK/STM32CubeWBA/Projects/Common/WPAN/Interfaces/timer_if.c:227:10:TIMER_IF_GetTimerContext	4	static
D:/Companies/Migration/STMBLEEVK/STM32CubeWBA/Projects/Common/WPAN/Interfaces/timer_if.c:235:10:TIMER_IF_GetTimerElapsedTime	8	static
D:/Companies/Migration/STMBLEEVK/STM32CubeWBA/Projects/Common/WPAN/Interfaces/timer_if.c:240:10:TIMER_IF_GetTimerValue	8	static
D:/Companies/Migration/STMBLEEVK/STM32CubeWBA/Projects/Common/WPAN/Interfaces/timer_if.c:252:10:TIMER_IF_GetMinimumTimeout	4	static
D:/Companies/Migration/STMBLEEVK/STM32CubeWBA/Projects/Common/WPAN/Interfaces/timer_if.c:257:10:TIMER_IF_Convert_ms2Tick	24	static
D:/Companies/Migration/STMBLEEVK/STM32CubeWBA/Projects/Common/WPAN/Interfaces/timer_if.c:262:10:TIMER_IF_Convert_Tick2ms	40	static
D:/Companies/Migration/STMBLEEVK/STM32CubeWBA/Projects/Common/WPAN/Interfaces/timer_if.c:267:6:TIMER_IF_DelayMs	24	static,ignoring_inline_asm
D:/Companies/Migration/STMBLEEVK/STM32CubeWBA/Projects/Common/WPAN/Interfaces/timer_if.c:279:6:HAL_RTC_AlarmAEventCallback	16	static
D:/Companies/Migration/STMBLEEVK/STM32CubeWBA/Projects/Common/WPAN/Interfaces/timer_if.c:284:6:HAL_RTCEx_SSRUEventCallback	24	static
D:/Companies/Migration/STMBLEEVK/STM32CubeWBA/Projects/Common/WPAN/Interfaces/timer_if.c:294:10:TIMER_IF_GetTime	80	static
D:/Companies/Migration/STMBLEEVK/STM32CubeWBA/Projects/Common/WPAN/Interfaces/timer_if.c:311:6:TIMER_IF_BkUp_Write_Seconds	16	static
D:/Companies/Migration/STMBLEEVK/STM32CubeWBA/Projects/Common/WPAN/Interfaces/timer_if.c:316:6:TIMER_IF_BkUp_Write_SubSeconds	16	static
D:/Companies/Migration/STMBLEEVK/STM32CubeWBA/Projects/Common/WPAN/Interfaces/timer_if.c:321:10:TIMER_IF_BkUp_Read_Seconds	8	static
D:/Companies/Migration/STMBLEEVK/STM32CubeWBA/Projects/Common/WPAN/Interfaces/timer_if.c:326:10:TIMER_IF_BkUp_Read_SubSeconds	8	static
D:/Companies/Migration/STMBLEEVK/STM32CubeWBA/Projects/Common/WPAN/Interfaces/timer_if.c:331:13:TIMER_IF_BkUp_Write_MSBticks	16	static
D:/Companies/Migration/STMBLEEVK/STM32CubeWBA/Projects/Common/WPAN/Interfaces/timer_if.c:336:17:TIMER_IF_BkUp_Read_MSBticks	16	static
D:/Companies/Migration/STMBLEEVK/STM32CubeWBA/Projects/Common/WPAN/Interfaces/timer_if.c:343:24:GetTimerTicks	8	static
