D:/Companies/Migration/STMBLEEVK/STM32CubeWBA/Projects/NUCLEO-WBA55CG/Applications/BLE/BLE_p2pServer/STM32_WPAN/App/app_bsp.c:318:6:APP_BSP_Init	8	static
D:/Companies/Migration/STMBLEEVK/STM32CubeWBA/Projects/NUCLEO-WBA55CG/Applications/BLE/BLE_p2pServer/STM32_WPAN/App/app_bsp.c:342:6:APP_BSP_PostIdle	4	static
D:/Companies/Migration/STMBLEEVK/STM32CubeWBA/Projects/NUCLEO-WBA55CG/Applications/BLE/BLE_p2pServer/STM32_WPAN/App/app_bsp.c:375:6:APP_BSP_StandbyExit	8	static
D:/Companies/Migration/STMBLEEVK/STM32CubeWBA/Projects/NUCLEO-WBA55CG/Applications/BLE/BLE_p2pServer/STM32_WPAN/App/app_bsp.c:421:9:APP_BSP_ButtonIsLongPressed	24	static
D:/Companies/Migration/STMBLEEVK/STM32CubeWBA/Projects/NUCLEO-WBA55CG/Applications/BLE/BLE_p2pServer/STM32_WPAN/App/app_bsp.c:439:6:APP_BSP_SetButtonIsLongPressed	16	static
D:/Companies/Migration/STMBLEEVK/STM32CubeWBA/Projects/NUCLEO-WBA55CG/Applications/BLE/BLE_p2pServer/STM32_WPAN/App/app_bsp.c:449:13:APP_BSP_Button1Action	4	static
D:/Companies/Migration/STMBLEEVK/STM32CubeWBA/Projects/NUCLEO-WBA55CG/Applications/BLE/BLE_p2pServer/STM32_WPAN/App/app_bsp.c:458:13:APP_BSP_Button2Action	4	static
D:/Companies/Migration/STMBLEEVK/STM32CubeWBA/Projects/NUCLEO-WBA55CG/Applications/BLE/BLE_p2pServer/STM32_WPAN/App/app_bsp.c:467:13:APP_BSP_Button3Action	4	static
D:/Companies/Migration/STMBLEEVK/STM32CubeWBA/Projects/NUCLEO-WBA55CG/Applications/BLE/BLE_p2pServer/STM32_WPAN/App/app_bsp.c:578:6:APP_BSP_LedInit	8	static
D:/Companies/Migration/STMBLEEVK/STM32CubeWBA/Projects/NUCLEO-WBA55CG/Applications/BLE/BLE_p2pServer/STM32_WPAN/App/app_bsp.c:1491:13:Button_InitTask	4	static
D:/Companies/Migration/STMBLEEVK/STM32CubeWBA/Projects/NUCLEO-WBA55CG/Applications/BLE/BLE_p2pServer/STM32_WPAN/App/app_bsp.c:1506:6:APP_BSP_ButtonInit	24	static
D:/Companies/Migration/STMBLEEVK/STM32CubeWBA/Projects/NUCLEO-WBA55CG/Applications/BLE/BLE_p2pServer/STM32_WPAN/App/app_bsp.c:1553:13:Button_LaunchActionTask	16	static
D:/Companies/Migration/STMBLEEVK/STM32CubeWBA/Projects/NUCLEO-WBA55CG/Applications/BLE/BLE_p2pServer/STM32_WPAN/App/app_bsp.c:1608:13:Button_TriggerActions	24	static
D:/Companies/Migration/STMBLEEVK/STM32CubeWBA/Projects/NUCLEO-WBA55CG/Applications/BLE/BLE_p2pServer/STM32_WPAN/App/app_bsp.c:1638:6:BSP_PB_Callback	16	static
D:/Companies/Migration/STMBLEEVK/STM32CubeWBA/Projects/NUCLEO-WBA55CG/Applications/BLE/BLE_p2pServer/STM32_WPAN/App/app_bsp.c:1653:9:APP_BSP_SerialCmdExecute	24	static
