D:/Companies/Migration/STMBLEEVK/STM32CubeWBA/Projects/NUCLEO-WBA55CG/Applications/BLE/BLE_p2pServer/STM32_WPAN/App/csp_er_ble_app.c:144:6:CSP_ER_BLE_Notification	32	static
D:/Companies/Migration/STMBLEEVK/STM32CubeWBA/Projects/NUCLEO-WBA55CG/Applications/BLE/BLE_p2pServer/STM32_WPAN/App/csp_er_ble_app.c:461:6:CSP_ER_BLE_APP_EvtRx	16	static
D:/Companies/Migration/STMBLEEVK/STM32CubeWBA/Projects/NUCLEO-WBA55CG/Applications/BLE/BLE_p2pServer/STM32_WPAN/App/csp_er_ble_app.c:498:6:CSP_ER_BLE_APP_Init	8	static
D:/Companies/Migration/STMBLEEVK/STM32CubeWBA/Projects/NUCLEO-WBA55CG/Applications/BLE/BLE_p2pServer/STM32_WPAN/App/csp_er_ble_app.c:520:13:CSP_ER_BLE_APP_Parameters_context_Init	4	static
D:/Companies/Migration/STMBLEEVK/STM32CubeWBA/Projects/NUCLEO-WBA55CG/Applications/BLE/BLE_p2pServer/STM32_WPAN/App/csp_er_ble_app.c:525:6:CUPS_ER_BLE_Csp_mod_sta_id_rw_ReadUpdate	16	static
D:/Companies/Migration/STMBLEEVK/STM32CubeWBA/Projects/NUCLEO-WBA55CG/Applications/BLE/BLE_p2pServer/STM32_WPAN/App/csp_er_ble_app.c:542:6:CUPS_ER_BLE_Csp_proc_para_sel_rw_ReadUpdate	16	static
D:/Companies/Migration/STMBLEEVK/STM32CubeWBA/Projects/NUCLEO-WBA55CG/Applications/BLE/BLE_p2pServer/STM32_WPAN/App/csp_er_ble_app.c:559:6:CUPS_ER_BLE_Csp_lvdt_sensor_scale_type_rw_ReadUpdate	16	static
D:/Companies/Migration/STMBLEEVK/STM32CubeWBA/Projects/NUCLEO-WBA55CG/Applications/BLE/BLE_p2pServer/STM32_WPAN/App/csp_er_ble_app.c:576:6:CUPS_ER_BLE_Csp_pid_val_for_pos_aft_en_rw_ReadUpdate	16	static
D:/Companies/Migration/STMBLEEVK/STM32CubeWBA/Projects/NUCLEO-WBA55CG/Applications/BLE/BLE_p2pServer/STM32_WPAN/App/csp_er_ble_app.c:593:6:CUPS_ER_BLE_Csp_baud_rate_rw_ReadUpdate	16	static
D:/Companies/Migration/STMBLEEVK/STM32CubeWBA/Projects/NUCLEO-WBA55CG/Applications/BLE/BLE_p2pServer/STM32_WPAN/App/csp_er_ble_app.c:610:6:CUPS_ER_BLE_Csp_parity_stop_bit_rw_ReadUpdate	16	static
D:/Companies/Migration/STMBLEEVK/STM32CubeWBA/Projects/NUCLEO-WBA55CG/Applications/BLE/BLE_p2pServer/STM32_WPAN/App/csp_er_ble_app.c:627:6:CUPS_ER_BLE_Csp_svp_pid_up_p_val_rw_ReadUpdate	16	static
D:/Companies/Migration/STMBLEEVK/STM32CubeWBA/Projects/NUCLEO-WBA55CG/Applications/BLE/BLE_p2pServer/STM32_WPAN/App/csp_er_ble_app.c:646:6:CUPS_ER_BLE_Csp_svp_pid_up_i_val_rw_ReadUpdate	16	static
D:/Companies/Migration/STMBLEEVK/STM32CubeWBA/Projects/NUCLEO-WBA55CG/Applications/BLE/BLE_p2pServer/STM32_WPAN/App/csp_er_ble_app.c:665:6:CUPS_ER_BLE_Csp_svp_pid_up_d_val_rw_ReadUpdate	16	static
D:/Companies/Migration/STMBLEEVK/STM32CubeWBA/Projects/NUCLEO-WBA55CG/Applications/BLE/BLE_p2pServer/STM32_WPAN/App/csp_er_ble_app.c:684:6:CUPS_ER_BLE_Csp_svp_pid_up_i_time_rw_ReadUpdate	16	static
D:/Companies/Migration/STMBLEEVK/STM32CubeWBA/Projects/NUCLEO-WBA55CG/Applications/BLE/BLE_p2pServer/STM32_WPAN/App/csp_er_ble_app.c:703:6:CUPS_ER_BLE_Csp_svp_pid_down_p_val_rw_ReadUpdate	16	static
D:/Companies/Migration/STMBLEEVK/STM32CubeWBA/Projects/NUCLEO-WBA55CG/Applications/BLE/BLE_p2pServer/STM32_WPAN/App/csp_er_ble_app.c:722:6:CUPS_ER_BLE_Csp_svp_pid_down_i_val_rw_ReadUpdate	16	static
D:/Companies/Migration/STMBLEEVK/STM32CubeWBA/Projects/NUCLEO-WBA55CG/Applications/BLE/BLE_p2pServer/STM32_WPAN/App/csp_er_ble_app.c:741:6:CUPS_ER_BLE_Csp_svp_pid_down_d_val_rw_ReadUpdate	16	static
D:/Companies/Migration/STMBLEEVK/STM32CubeWBA/Projects/NUCLEO-WBA55CG/Applications/BLE/BLE_p2pServer/STM32_WPAN/App/csp_er_ble_app.c:760:6:CUPS_ER_BLE_Csp_svp_pid_down_i_time_rw_ReadUpdate	16	static
D:/Companies/Migration/STMBLEEVK/STM32CubeWBA/Projects/NUCLEO-WBA55CG/Applications/BLE/BLE_p2pServer/STM32_WPAN/App/csp_er_ble_app.c:779:6:CUPS_ER_BLE_Csp_ptr_p1_min_rw_ReadUpdate	16	static
D:/Companies/Migration/STMBLEEVK/STM32CubeWBA/Projects/NUCLEO-WBA55CG/Applications/BLE/BLE_p2pServer/STM32_WPAN/App/csp_er_ble_app.c:798:6:CUPS_ER_BLE_Csp_ptr_p1_max_rw_ReadUpdate	16	static
D:/Companies/Migration/STMBLEEVK/STM32CubeWBA/Projects/NUCLEO-WBA55CG/Applications/BLE/BLE_p2pServer/STM32_WPAN/App/csp_er_ble_app.c:817:6:CUPS_ER_BLE_Csp_ptr_p2_min_rw_ReadUpdate	16	static
D:/Companies/Migration/STMBLEEVK/STM32CubeWBA/Projects/NUCLEO-WBA55CG/Applications/BLE/BLE_p2pServer/STM32_WPAN/App/csp_er_ble_app.c:836:6:CUPS_ER_BLE_Csp_ptr_p2_max_rw_ReadUpdate	16	static
