D:/Companies/Migration/STMBLEEVK/STM32CubeWBA/Projects/NUCLEO-WBA55CG/Applications/BLE/BLE_p2pServer/STM32_WPAN/App/p2p_server_app.c:169:6:P2P_SERVER_Notification	24	static
D:/Companies/Migration/STMBLEEVK/STM32CubeWBA/Projects/NUCLEO-WBA55CG/Applications/BLE/BLE_p2pServer/STM32_WPAN/App/p2p_server_app.c:430:6:P2P_SERVER_APP_EvtRx	16	static
D:/Companies/Migration/STMBLEEVK/STM32CubeWBA/Projects/NUCLEO-WBA55CG/Applications/BLE/BLE_p2pServer/STM32_WPAN/App/p2p_server_app.c:467:6:P2P_SERVER_APP_Init	8	static
D:/Companies/Migration/STMBLEEVK/STM32CubeWBA/Projects/NUCLEO-WBA55CG/Applications/BLE/BLE_p2pServer/STM32_WPAN/App/p2p_server_app.c:510:13:P2P_SERVER_Mid_SendNotification	24	static
D:/Companies/Migration/STMBLEEVK/STM32CubeWBA/Projects/NUCLEO-WBA55CG/Applications/BLE/BLE_p2pServer/STM32_WPAN/App/p2p_server_app.c:547:13:P2P_SERVER_Prodname_SendNotification	24	static
D:/Companies/Migration/STMBLEEVK/STM32CubeWBA/Projects/NUCLEO-WBA55CG/Applications/BLE/BLE_p2pServer/STM32_WPAN/App/p2p_server_app.c:585:13:P2P_SERVER_Slnm_SendNotification	72	static
D:/Companies/Migration/STMBLEEVK/STM32CubeWBA/Projects/NUCLEO-WBA55CG/Applications/BLE/BLE_p2pServer/STM32_WPAN/App/p2p_server_app.c:633:13:P2P_SERVER_Devloc_SendNotification	24	static
D:/Companies/Migration/STMBLEEVK/STM32CubeWBA/Projects/NUCLEO-WBA55CG/Applications/BLE/BLE_p2pServer/STM32_WPAN/App/p2p_server_app.c:671:13:P2P_SERVER_Ds_SendNotification	24	static
D:/Companies/Migration/STMBLEEVK/STM32CubeWBA/Projects/NUCLEO-WBA55CG/Applications/BLE/BLE_p2pServer/STM32_WPAN/App/p2p_server_app.c:708:13:P2P_SERVER_Devmke_SendNotification	24	static
D:/Companies/Migration/STMBLEEVK/STM32CubeWBA/Projects/NUCLEO-WBA55CG/Applications/BLE/BLE_p2pServer/STM32_WPAN/App/p2p_server_app.c:746:13:P2P_SERVER_Devmac_SendNotification	56	static
D:/Companies/Migration/STMBLEEVK/STM32CubeWBA/Projects/NUCLEO-WBA55CG/Applications/BLE/BLE_p2pServer/STM32_WPAN/App/p2p_server_app.c:791:13:P2P_SERVER_Blestkfw_SendNotification	40	static
D:/Companies/Migration/STMBLEEVK/STM32CubeWBA/Projects/NUCLEO-WBA55CG/Applications/BLE/BLE_p2pServer/STM32_WPAN/App/p2p_server_app.c:831:13:P2P_SERVER_Appfw_SendNotification	32	static
D:/Companies/Migration/STMBLEEVK/STM32CubeWBA/Projects/NUCLEO-WBA55CG/Applications/BLE/BLE_p2pServer/STM32_WPAN/App/p2p_server_app.c:870:13:P2P_SERVER_Advname_SendNotification	24	static
D:/Companies/Migration/STMBLEEVK/STM32CubeWBA/Projects/NUCLEO-WBA55CG/Applications/BLE/BLE_p2pServer/STM32_WPAN/App/p2p_server_app.c:909:13:P2P_SERVER_APP_Parameters_context_Init	4	static
D:/Companies/Migration/STMBLEEVK/STM32CubeWBA/Projects/NUCLEO-WBA55CG/Applications/BLE/BLE_p2pServer/STM32_WPAN/App/p2p_server_app.c:916:6:P2P_SERVER_Mid_ReadUpdate	16	static
D:/Companies/Migration/STMBLEEVK/STM32CubeWBA/Projects/NUCLEO-WBA55CG/Applications/BLE/BLE_p2pServer/STM32_WPAN/App/p2p_server_app.c:933:6:P2P_SERVER_Prodname_ReadUpdate	16	static
D:/Companies/Migration/STMBLEEVK/STM32CubeWBA/Projects/NUCLEO-WBA55CG/Applications/BLE/BLE_p2pServer/STM32_WPAN/App/p2p_server_app.c:952:6:P2P_SERVER_Slnm_ReadUpdate	64	static
D:/Companies/Migration/STMBLEEVK/STM32CubeWBA/Projects/NUCLEO-WBA55CG/Applications/BLE/BLE_p2pServer/STM32_WPAN/App/p2p_server_app.c:980:6:P2P_SERVER_Devloc_ReadUpdate	16	static
D:/Companies/Migration/STMBLEEVK/STM32CubeWBA/Projects/NUCLEO-WBA55CG/Applications/BLE/BLE_p2pServer/STM32_WPAN/App/p2p_server_app.c:999:6:P2P_SERVER_Ds_ReadUpdate	16	static
D:/Companies/Migration/STMBLEEVK/STM32CubeWBA/Projects/NUCLEO-WBA55CG/Applications/BLE/BLE_p2pServer/STM32_WPAN/App/p2p_server_app.c:1016:6:P2P_SERVER_Devmke_ReadUpdate	16	static
D:/Companies/Migration/STMBLEEVK/STM32CubeWBA/Projects/NUCLEO-WBA55CG/Applications/BLE/BLE_p2pServer/STM32_WPAN/App/p2p_server_app.c:1035:13:P2P_SERVER_Devmac_ReadUpdate	48	static
D:/Companies/Migration/STMBLEEVK/STM32CubeWBA/Projects/NUCLEO-WBA55CG/Applications/BLE/BLE_p2pServer/STM32_WPAN/App/p2p_server_app.c:1060:6:P2P_SERVER_Blestkfw_ReadUpdate	32	static
D:/Companies/Migration/STMBLEEVK/STM32CubeWBA/Projects/NUCLEO-WBA55CG/Applications/BLE/BLE_p2pServer/STM32_WPAN/App/p2p_server_app.c:1081:6:P2P_SERVER_Appfw_ReadUpdate	24	static
D:/Companies/Migration/STMBLEEVK/STM32CubeWBA/Projects/NUCLEO-WBA55CG/Applications/BLE/BLE_p2pServer/STM32_WPAN/App/p2p_server_app.c:1101:6:P2P_SERVER_Advname_ReadUpdate	16	static
